title: Unconfirmed
status: completed
conclusion: neutral

--- summary ---
**Plan** of `stacks/prod/vpc` · wave 0 of 3 · environment `production` · [run details](https://stackorder.example.com/runs/5b0e6c1e-8a51-4c1a-9a3e-2f3c4d5e6f70)

**Unconfirmed:** the Stackorder server could not confirm this result. It is not a green light: `stackorder apply` is refused until the server confirms a plan for this commit.

| Add | Change | Destroy | Replace |
| ---: | ---: | ---: | ---: |
| 2 | 1 | 0 | 0 |

Plan artifact: `stackorder-plan-stacks-prod-vpc-3f9a2c1d7e8b4a6f0c5d2e1b9a8c7d6e5f4a3b2c`

--- text ---
```hcl
Terraform used the selected providers to generate the following execution
plan. Resource actions are indicated with the following symbols:
  + create
  ~ update in-place
  - destroy

Terraform will perform the following actions:

  # aws_vpc.main will be created
  + resource "aws_vpc" "main" {
      + id   = (known after apply)
      + tags = {
          + "team" = "platform"
        }
    }

  # aws_subnet.private will be created
  + resource "aws_subnet" "private" {
      + id   = (known after apply)
      + tags = {
          + "team" = "platform"
        }
    }

Plan: 2 to add, 0 to change, 0 to destroy.
```
