title: Blocked by stacks/prod/vpc
status: completed
conclusion: failure

--- summary ---
**Apply** of `stacks/prod/eks` · wave 1 of 3 · environment `production` · [job log](https://github.com/acme/infra/actions/runs/1234567/job/103) · [run details](https://stackorder.example.com/runs/5b0e6c1e-8a51-4c1a-9a3e-2f3c4d5e6f70)

This stack did not run because `stacks/prod/vpc`, which it depends on, failed.

| Add | Change | Destroy | Replace |
| ---: | ---: | ---: | ---: |
| 0 | 3 | 0 | 1 |

Plan artifact: `stackorder-plan-stacks-prod-eks-3f9a2c1d7e8b4a6f0c5d2e1b9a8c7d6e5f4a3b2c`

--- text ---
```hcl
Terraform used the selected providers to generate the following execution
plan. Resource actions are indicated with the following symbols:
  + create
  ~ update in-place
  - destroy

Terraform will perform the following actions:

  # aws_eks_cluster.main will be updated in-place
  ~ resource "aws_eks_cluster" "main" {
      ~ id   = (known after apply)
      ~ tags = {
          ~ "team" = "platform"
        }
    }

  # aws_eks_node_group.default will be updated in-place
  ~ resource "aws_eks_node_group" "default" {
      ~ id   = (known after apply)
      ~ tags = {
          ~ "team" = "platform"
        }
    }

  # aws_iam_role.nodes will be updated in-place
  ~ resource "aws_iam_role" "nodes" {
      ~ id   = (known after apply)
      ~ tags = {
          ~ "team" = "platform"
        }
    }

Plan: 0 to add, 3 to change, 0 to destroy.
```
