<!-- stackorder:sticky -->
### Stackorder: planned

**Mode:** plan · **Commit:** [`3f9a2c1`](https://github.com/acme/infra/commit/3f9a2c1d7e8b4a6f0c5d2e1b9a8c7d6e5f4a3b2c)

No stacks are affected by this change.

---
<sub>Commands: `stackorder plan [stack…]` · `stackorder apply [stack…]` · `stackorder unlock [stack…]` · `stackorder help`</sub>
